// Jest Snapshot v1, https://goo.gl/fbAQLP

exports[`renders correctly when search by text 1`] = `null`;
